                     1
   8       0    5    0
10           #
            ###
           #####
          #######
         #########             #
        ###########           ###
       #############         #####
      ###############       #######
     #################     #########
    ################### # ###########
 0 ##########S########################
    ###########################S#######
     ###################S#############
      ###################SB##########
       #############################
 5      ###########################
         #########################
          #########S#######S#####
           #######################
          #########################
10       ####B######################
        ###S############# ###########
         ##### #######################
          ###   #######################
           #     ##############S########
             B    #####################
            ###    #SB################
           #####    ################B
          ###S###  #################
           #####  #################
20          ###  ####S######S######
             #    ################
                   #############B
                    ###  #######
                     #    #####
                           ###
                            #
